---
source: compiler-core/src/type_/tests/warnings.rs
expression: "type X { X }"
---
warning: Unused private type
  ┌─ /src/warning/wrn.gleam:1:1
  │
1 │ type X { X }
  │ ^^^^^^ This private type is never used

Hint: You can safely remove it.
