---
source: compiler-core/src/type_/tests/externals.rs
expression: "@external(javascript, \"one\", \"two\")\nfn javascript_only() -> Int\n\n@external(javascript, \"one\", \"two\")\npub fn uh_oh() -> Int {\n  javascript_only()\n}\n"
---
error: Unsupported target
  ┌─ /src/one/two.gleam:5:1
  │
5 │ pub fn uh_oh() -> Int {
  │ ^^^^^^^^^^^^^^^^^^^^^

The `uh_oh` function is public but doesn't have an implementation for the
Erlang target. All public functions of a package must be able to compile
for a module to be valid.

error: Unsupported target
  ┌─ /src/one/two.gleam:6:3
  │
6 │   javascript_only()
  │   ^^^^^^^^^^^^^^^

This value is not available as it is defined using externals, and there is
no implementation for the Erlang target.

Hint: Did you mean to build for a different target?
