---
source: compiler-core/src/erlang/tests/pipes.rs
expression: "\npub fn apply(f: fn(a) -> b, a: a) { a |> f }\n"
---
-module(my@mod).
-compile([no_auto_import, nowarn_unused_vars, nowarn_unused_function, nowarn_nomatch]).

-export([apply/2]).

-file("/root/project/test/my/mod.gleam", 2).
-spec apply(fun((R) -> S), R) -> S.
apply(F, A) ->
    _pipe = A,
    F(_pipe).
