---
source: compiler-core/src/erlang/tests/custom_types.rs
expression: "pub type Map(k, v)"
---
-module(my@mod).
-compile([no_auto_import, nowarn_unused_vars, nowarn_unused_function, nowarn_nomatch]).

-export_type([map_/2]).

-type map_(W, X) :: any() | {gleam_phantom, W, X}.
