---
source: compiler-core/src/erlang/tests/type_params.rs
expression: "\n        pub type Wibble(a, b) {\n            Wibble(a, b)\n        }\n\n        pub fn wibble() -> #(a, Wibble(a, b)) {\n            todo\n        }\n        "
---
-module(my@mod).
-compile([no_auto_import, nowarn_unused_vars, nowarn_unused_function, nowarn_nomatch]).

-export([wibble/0]).
-export_type([wibble/2]).

-type wibble(W, X) :: {wibble, W, X}.

-spec wibble() -> {Z, wibble(Z, any())}.
wibble() ->
    erlang:error(#{gleam_error => todo,
            message => <<"This has not yet been implemented"/utf8>>,
            module => <<"my/mod"/utf8>>,
            function => <<"wibble"/utf8>>,
            line => 7}).
