---
source: compiler-core/src/erlang/tests/consts.rs
expression: "\n          fn identity(a) {\n            a\n          }\n\n          pub type Mapper(b) {\n            Mapper(fn(b) -> b)\n          }\n\n          pub type Funcs(b) {\n            Funcs(mapper: Mapper(b))\n          }\n\n          pub const id_mapper = Funcs(Mapper(identity))\n        "
---
-module(my@mod).
-compile([no_auto_import, nowarn_unused_vars, nowarn_unused_function, nowarn_nomatch]).

-export([identity/1]).
-export_type([mapper/1, funcs/1]).

-type mapper(W) :: {mapper, fun((W) -> W)}.

-type funcs(Y) :: {funcs, mapper(Y)}.

-file("/root/project/test/my/mod.gleam", 2).
-spec identity(AA) -> AA.
identity(A) ->
    A.
