---
source: compiler-core/src/javascript/tests/generics.rs
expression: "pub fn map(result, fun) {\n            case result {\n              Ok(a) -> Ok(fun(a))\n              Error(e) -> Error(e)\n            }\n          }"
---
import type * as _ from "../gleam.d.mts";

export function map<AK, AL, AO>(result: _.Result<AL, AK>, fun: (x0: AL) => AO): _.Result<
  AO,
  AK
>;
