---
source: compiler-core/src/javascript/tests/generics.rs
expression: "pub type Animal(t) {\n  Cat(type_: t)\n  Dog(type_: t)\n}\n\npub fn main() {\n  Cat(type_: 6)\n}\n"
---
import type * as _ from "../gleam.d.mts";

export class Cat<R> extends _.CustomType {
  constructor(type_: R);
  
  type_: R;
}

export class Dog<R> extends _.CustomType {
  constructor(type_: R);
  
  type_: R;
}

export type Animal$<R> = Cat<R> | Dog<R>;

export function main(): Animal$<number>;
