---
source: compiler-core/src/javascript/tests/generics.rs
expression: "pub type Promise(value)\n    pub type Task(a) = fn() -> Promise(a)"
---
export type Promise$<R> = any;

export type Task = () => Promise$<any>;
