---
source: compiler-core/src/javascript/tests/generics.rs
expression: "pub fn identity(a) -> a {\n  a\n}\n"
---
export function identity<X>(a: X): X;
